// Jest Snapshot v1, https://goo.gl/fbAQLP

exports[`Component <PatientsSummaryPanel /> should renders with all props correctly 1`] = `
<div
  className="dropdown-menu dropdown-menu-panel dropdown-menu-summary"
>
  <div
    className="form-group-wrapper"
  >
    <div
      className="heading"
    >
      SHOW
    </div>
    <div
      className="form-group"
    >
      <Row
        bsClass="row"
        componentClass="div"
      >
        <Col
          bsClass="col"
          componentClass="div"
          key="problems"
          sm={4}
          xs={6}
        >
          <PTCustomInput
            id="problems"
            isChecked={true}
            name="problems"
            onChange={[Function]}
            title="Problems / Diagnosis"
            type="checkbox"
          />
        </Col>
        <Col
          bsClass="col"
          componentClass="div"
          key="medications"
          sm={4}
          xs={6}
        >
          <PTCustomInput
            id="medications"
            isChecked={true}
            name="medications"
            onChange={[Function]}
            title="Medications"
            type="checkbox"
          />
        </Col>
        <Col
          bsClass="col"
          componentClass="div"
          key="allergies"
          sm={4}
          xs={6}
        >
          <PTCustomInput
            id="allergies"
            isChecked={true}
            name="allergies"
            onChange={[Function]}
            title="Allergies"
            type="checkbox"
          />
        </Col>
        <Col
          bsClass="col"
          componentClass="div"
          key="contacts"
          sm={4}
          xs={6}
        >
          <PTCustomInput
            id="contacts"
            isChecked={true}
            name="contacts"
            onChange={[Function]}
            title="Contacts"
            type="checkbox"
          />
        </Col>
      </Row>
    </div>
    <ExtraPatientsSummarySelectors
      toggleCheckbox={[Function]}
    />
  </div>
</div>
`;

exports[`Component <PatientsSummaryPanel /> should renders with all props correctly with LeedsPHRTheme 1`] = `
<div
  className="dropdown-menu dropdown-menu-panel dropdown-menu-summary"
>
  <div
    className="form-group-wrapper"
  >
    <div
      className="heading"
    >
      SHOW
    </div>
    <div
      className="form-group"
    >
      <Row
        bsClass="row"
        componentClass="div"
      >
        <Col
          bsClass="col"
          componentClass="div"
          key="problems"
          sm={4}
          xs={6}
        >
          <PTCustomInput
            id="problems"
            isChecked={true}
            name="problems"
            onChange={[Function]}
            title="Problems / Diagnosis"
            type="checkbox"
          />
        </Col>
        <Col
          bsClass="col"
          componentClass="div"
          key="medications"
          sm={4}
          xs={6}
        >
          <PTCustomInput
            id="medications"
            isChecked={true}
            name="medications"
            onChange={[Function]}
            title="Medications"
            type="checkbox"
          />
        </Col>
        <Col
          bsClass="col"
          componentClass="div"
          key="allergies"
          sm={4}
          xs={6}
        >
          <PTCustomInput
            id="allergies"
            isChecked={true}
            name="allergies"
            onChange={[Function]}
            title="Allergies"
            type="checkbox"
          />
        </Col>
        <Col
          bsClass="col"
          componentClass="div"
          key="contacts"
          sm={4}
          xs={6}
        >
          <PTCustomInput
            id="contacts"
            isChecked={true}
            name="contacts"
            onChange={[Function]}
            title="Contacts"
            type="checkbox"
          />
        </Col>
      </Row>
    </div>
    <ExtraPatientsSummarySelectors
      toggleCheckbox={[Function]}
    />
  </div>
</div>
`;
