// Jest Snapshot v1, https://goo.gl/fbAQLP

exports[`Component <Inputs /> should renders Inputs with props correctly 1`] = `
<div
  className="ui-section"
  id="inputs"
>
  <strong
    className="ui-title"
  >
    Inputs
  </strong>
  <div
    className="form-group-wrapper"
  >
    <div
      className="row"
    >
      <div
        className="col-xs-12 col-sm-6"
      >
        <div
          className="form-group"
        >
          <label
            className="control-label"
            for="name"
          >
            Input simple
          </label>
          <div
            className="input-holder"
          >
            <input
              className="form-control input-sm"
              type="text"
            />
          </div>
        </div>
      </div>
      <div
        className="col-xs-12 col-sm-6"
      >
        <div
          className="form-group"
        >
          <label
            className="control-label"
            for="name"
          >
            Input simple (disabled)
          </label>
          <div
            className="input-holder"
          >
            <input
              className="form-control input-sm"
              disabled={true}
              type="text"
              value="text"
            />
          </div>
        </div>
      </div>
    </div>
    <div
      className="row"
    >
      <div
        className="col-xs-12 col-sm-6"
      >
        <div
          className="form-group"
        >
          <label
            className="control-label"
          >
            Input with addon
          </label>
          <div
            className="inner-addon addon-left"
          >
            <div
              className="addon"
            >
              <i
                className="fa fa-filter"
              />
            </div>
            <input
              className="form-control input-sm"
              type="text"
            />
          </div>
        </div>
      </div>
      <div
        className="col-xs-12 col-sm-6"
      >
        <div
          className="form-group"
        >
          <label
            className="control-label"
          >
            Input with addon (disabled)
          </label>
          <div
            className="inner-addon addon-left"
          >
            <div
              className="addon"
            >
              <i
                className="fa fa-filter"
              />
            </div>
            <input
              className="form-control input-sm"
              disabled={true}
              type="text"
              value="text"
            />
          </div>
        </div>
      </div>
    </div>
  </div>
</div>
`;
