// Jest Snapshot v1, https://goo.gl/fbAQLP

exports[`Component <Radio /> should renders Radio with props correctly 1`] = `
<div
  className="ui-section"
  id="radio"
>
  <strong
    className="ui-title"
  >
    Radio
  </strong>
  <div
    className="form-group-wrapper"
  >
    <form
      action=""
    >
      <div
        className="form-group"
      >
        <div
          className="input-holder"
        >
          <div
            className="input-holder"
          >
            <div
              className="wrap-fcustominp"
            >
              <div
                className="fcustominp"
                onClick={[Function]}
              >
                <input
                  checked={false}
                  id="radioTest1"
                  name="radio-test"
                  type="radio"
                />
                <label
                  for="radioTest1"
                />
              </div>
              <label
                className="fcustominp-label"
              >
                Radio Test 1
              </label>
            </div>
          </div>
        </div>
      </div>
      <div
        className="form-group"
      >
        <div
          className="input-holder"
        >
          <div
            className="input-holder"
          >
            <div
              className="wrap-fcustominp"
            >
              <div
                className="fcustominp"
                onClick={[Function]}
              >
                <input
                  checked={false}
                  id="radioTest2"
                  name="radio-test"
                  type="radio"
                />
                <label
                  for="radioTest2"
                />
              </div>
              <label
                className="fcustominp-label"
              >
                Radio Test 2
              </label>
            </div>
          </div>
        </div>
      </div>
      <div
        className="form-group"
      >
        <div
          className="input-holder"
        >
          <div
            className="input-holder"
          >
            <div
              className="wrap-fcustominp"
            >
              <div
                className="fcustominp-state disabled"
              >
                <div
                  className="fcustominp"
                >
                  <input
                    disabled={true}
                    id="radioTest6"
                    name="radio-test"
                    type="radio"
                  />
                  <label
                    for="radioTest6"
                  />
                </div>
                <label
                  className="fcustominp-label"
                >
                  Radio Test 3
                </label>
              </div>
            </div>
          </div>
        </div>
      </div>
    </form>
    <div
      className="form-group"
    >
      <div
        className="input-holder"
      >
        <div
          className="input-holder"
        >
          <div
            className="wrap-fcustominps-inline"
          >
            <div
              className="wrap-fcustominp"
            >
              <div
                className="fcustominp"
                onClick={[Function]}
              >
                <input
                  checked={false}
                  id="radioTest3"
                  name="radio-test-inline"
                  type="radio"
                />
                <label
                  for="radioTest3"
                />
              </div>
              <label
                className="fcustominp-label"
              >
                Radio Test Inline 1
              </label>
            </div>
            <div
              className="wrap-fcustominp"
            >
              <div
                className="fcustominp"
                onClick={[Function]}
              >
                <input
                  checked={false}
                  id="radioTest4"
                  name="radio-test-inline"
                  type="radio"
                />
                <label
                  for="radioTest4"
                />
              </div>
              <label
                className="fcustominp-label"
              >
                Radio Test Inline 2
              </label>
            </div>
            <div
              className="wrap-fcustominp"
            >
              <div
                className="fcustominp"
                onClick={[Function]}
              >
                <input
                  checked={false}
                  id="radioTest5"
                  name="radio-test-inline"
                  type="radio"
                />
                <label
                  for="radioTest5"
                />
              </div>
              <label
                className="fcustominp-label"
              >
                Radio Test Inline 3
              </label>
            </div>
          </div>
        </div>
      </div>
    </div>
  </div>
</div>
`;

exports[`Component <Radio /> should renders Radio with props correctly 2`] = `
<div
  className="ui-section"
  id="radio"
>
  <strong
    className="ui-title"
  >
    Radio
  </strong>
  <div
    className="form-group-wrapper"
  >
    <form
      action=""
    >
      <div
        className="form-group"
      >
        <div
          className="input-holder"
        >
          <div
            className="input-holder"
          >
            <div
              className="wrap-fcustominp"
            >
              <div
                className="fcustominp"
                onClick={[Function]}
              >
                <input
                  checked={true}
                  id="radioTest1"
                  name="radio-test"
                  type="radio"
                />
                <label
                  for="radioTest1"
                />
              </div>
              <label
                className="fcustominp-label"
              >
                Radio Test 1
              </label>
            </div>
          </div>
        </div>
      </div>
      <div
        className="form-group"
      >
        <div
          className="input-holder"
        >
          <div
            className="input-holder"
          >
            <div
              className="wrap-fcustominp"
            >
              <div
                className="fcustominp"
                onClick={[Function]}
              >
                <input
                  checked={false}
                  id="radioTest2"
                  name="radio-test"
                  type="radio"
                />
                <label
                  for="radioTest2"
                />
              </div>
              <label
                className="fcustominp-label"
              >
                Radio Test 2
              </label>
            </div>
          </div>
        </div>
      </div>
      <div
        className="form-group"
      >
        <div
          className="input-holder"
        >
          <div
            className="input-holder"
          >
            <div
              className="wrap-fcustominp"
            >
              <div
                className="fcustominp-state disabled"
              >
                <div
                  className="fcustominp"
                >
                  <input
                    disabled={true}
                    id="radioTest6"
                    name="radio-test"
                    type="radio"
                  />
                  <label
                    for="radioTest6"
                  />
                </div>
                <label
                  className="fcustominp-label"
                >
                  Radio Test 3
                </label>
              </div>
            </div>
          </div>
        </div>
      </div>
    </form>
    <div
      className="form-group"
    >
      <div
        className="input-holder"
      >
        <div
          className="input-holder"
        >
          <div
            className="wrap-fcustominps-inline"
          >
            <div
              className="wrap-fcustominp"
            >
              <div
                className="fcustominp"
                onClick={[Function]}
              >
                <input
                  checked={false}
                  id="radioTest3"
                  name="radio-test-inline"
                  type="radio"
                />
                <label
                  for="radioTest3"
                />
              </div>
              <label
                className="fcustominp-label"
              >
                Radio Test Inline 1
              </label>
            </div>
            <div
              className="wrap-fcustominp"
            >
              <div
                className="fcustominp"
                onClick={[Function]}
              >
                <input
                  checked={false}
                  id="radioTest4"
                  name="radio-test-inline"
                  type="radio"
                />
                <label
                  for="radioTest4"
                />
              </div>
              <label
                className="fcustominp-label"
              >
                Radio Test Inline 2
              </label>
            </div>
            <div
              className="wrap-fcustominp"
            >
              <div
                className="fcustominp"
                onClick={[Function]}
              >
                <input
                  checked={false}
                  id="radioTest5"
                  name="radio-test-inline"
                  type="radio"
                />
                <label
                  for="radioTest5"
                />
              </div>
              <label
                className="fcustominp-label"
              >
                Radio Test Inline 3
              </label>
            </div>
          </div>
        </div>
      </div>
    </div>
  </div>
</div>
`;

exports[`Component <Radio /> should renders Radio with props correctly 3`] = `
<div
  className="ui-section"
  id="radio"
>
  <strong
    className="ui-title"
  >
    Radio
  </strong>
  <div
    className="form-group-wrapper"
  >
    <form
      action=""
    >
      <div
        className="form-group"
      >
        <div
          className="input-holder"
        >
          <div
            className="input-holder"
          >
            <div
              className="wrap-fcustominp"
            >
              <div
                className="fcustominp"
                onClick={[Function]}
              >
                <input
                  checked={false}
                  id="radioTest1"
                  name="radio-test"
                  type="radio"
                />
                <label
                  for="radioTest1"
                />
              </div>
              <label
                className="fcustominp-label"
              >
                Radio Test 1
              </label>
            </div>
          </div>
        </div>
      </div>
      <div
        className="form-group"
      >
        <div
          className="input-holder"
        >
          <div
            className="input-holder"
          >
            <div
              className="wrap-fcustominp"
            >
              <div
                className="fcustominp"
                onClick={[Function]}
              >
                <input
                  checked={true}
                  id="radioTest2"
                  name="radio-test"
                  type="radio"
                />
                <label
                  for="radioTest2"
                />
              </div>
              <label
                className="fcustominp-label"
              >
                Radio Test 2
              </label>
            </div>
          </div>
        </div>
      </div>
      <div
        className="form-group"
      >
        <div
          className="input-holder"
        >
          <div
            className="input-holder"
          >
            <div
              className="wrap-fcustominp"
            >
              <div
                className="fcustominp-state disabled"
              >
                <div
                  className="fcustominp"
                >
                  <input
                    disabled={true}
                    id="radioTest6"
                    name="radio-test"
                    type="radio"
                  />
                  <label
                    for="radioTest6"
                  />
                </div>
                <label
                  className="fcustominp-label"
                >
                  Radio Test 3
                </label>
              </div>
            </div>
          </div>
        </div>
      </div>
    </form>
    <div
      className="form-group"
    >
      <div
        className="input-holder"
      >
        <div
          className="input-holder"
        >
          <div
            className="wrap-fcustominps-inline"
          >
            <div
              className="wrap-fcustominp"
            >
              <div
                className="fcustominp"
                onClick={[Function]}
              >
                <input
                  checked={false}
                  id="radioTest3"
                  name="radio-test-inline"
                  type="radio"
                />
                <label
                  for="radioTest3"
                />
              </div>
              <label
                className="fcustominp-label"
              >
                Radio Test Inline 1
              </label>
            </div>
            <div
              className="wrap-fcustominp"
            >
              <div
                className="fcustominp"
                onClick={[Function]}
              >
                <input
                  checked={false}
                  id="radioTest4"
                  name="radio-test-inline"
                  type="radio"
                />
                <label
                  for="radioTest4"
                />
              </div>
              <label
                className="fcustominp-label"
              >
                Radio Test Inline 2
              </label>
            </div>
            <div
              className="wrap-fcustominp"
            >
              <div
                className="fcustominp"
                onClick={[Function]}
              >
                <input
                  checked={false}
                  id="radioTest5"
                  name="radio-test-inline"
                  type="radio"
                />
                <label
                  for="radioTest5"
                />
              </div>
              <label
                className="fcustominp-label"
              >
                Radio Test Inline 3
              </label>
            </div>
          </div>
        </div>
      </div>
    </div>
  </div>
</div>
`;

exports[`Component <Radio /> should renders Radio with props correctly 4`] = `
<div
  className="ui-section"
  id="radio"
>
  <strong
    className="ui-title"
  >
    Radio
  </strong>
  <div
    className="form-group-wrapper"
  >
    <form
      action=""
    >
      <div
        className="form-group"
      >
        <div
          className="input-holder"
        >
          <div
            className="input-holder"
          >
            <div
              className="wrap-fcustominp"
            >
              <div
                className="fcustominp"
                onClick={[Function]}
              >
                <input
                  checked={false}
                  id="radioTest1"
                  name="radio-test"
                  type="radio"
                />
                <label
                  for="radioTest1"
                />
              </div>
              <label
                className="fcustominp-label"
              >
                Radio Test 1
              </label>
            </div>
          </div>
        </div>
      </div>
      <div
        className="form-group"
      >
        <div
          className="input-holder"
        >
          <div
            className="input-holder"
          >
            <div
              className="wrap-fcustominp"
            >
              <div
                className="fcustominp"
                onClick={[Function]}
              >
                <input
                  checked={true}
                  id="radioTest2"
                  name="radio-test"
                  type="radio"
                />
                <label
                  for="radioTest2"
                />
              </div>
              <label
                className="fcustominp-label"
              >
                Radio Test 2
              </label>
            </div>
          </div>
        </div>
      </div>
      <div
        className="form-group"
      >
        <div
          className="input-holder"
        >
          <div
            className="input-holder"
          >
            <div
              className="wrap-fcustominp"
            >
              <div
                className="fcustominp-state disabled"
              >
                <div
                  className="fcustominp"
                >
                  <input
                    disabled={true}
                    id="radioTest6"
                    name="radio-test"
                    type="radio"
                  />
                  <label
                    for="radioTest6"
                  />
                </div>
                <label
                  className="fcustominp-label"
                >
                  Radio Test 3
                </label>
              </div>
            </div>
          </div>
        </div>
      </div>
    </form>
    <div
      className="form-group"
    >
      <div
        className="input-holder"
      >
        <div
          className="input-holder"
        >
          <div
            className="wrap-fcustominps-inline"
          >
            <div
              className="wrap-fcustominp"
            >
              <div
                className="fcustominp"
                onClick={[Function]}
              >
                <input
                  checked={false}
                  id="radioTest3"
                  name="radio-test-inline"
                  type="radio"
                />
                <label
                  for="radioTest3"
                />
              </div>
              <label
                className="fcustominp-label"
              >
                Radio Test Inline 1
              </label>
            </div>
            <div
              className="wrap-fcustominp"
            >
              <div
                className="fcustominp"
                onClick={[Function]}
              >
                <input
                  checked={false}
                  id="radioTest4"
                  name="radio-test-inline"
                  type="radio"
                />
                <label
                  for="radioTest4"
                />
              </div>
              <label
                className="fcustominp-label"
              >
                Radio Test Inline 2
              </label>
            </div>
            <div
              className="wrap-fcustominp"
            >
              <div
                className="fcustominp"
                onClick={[Function]}
              >
                <input
                  checked={false}
                  id="radioTest5"
                  name="radio-test-inline"
                  type="radio"
                />
                <label
                  for="radioTest5"
                />
              </div>
              <label
                className="fcustominp-label"
              >
                Radio Test Inline 3
              </label>
            </div>
          </div>
        </div>
      </div>
    </div>
  </div>
</div>
`;

exports[`Component <Radio /> should renders Radio with props correctly 5`] = `
<div
  className="ui-section"
  id="radio"
>
  <strong
    className="ui-title"
  >
    Radio
  </strong>
  <div
    className="form-group-wrapper"
  >
    <form
      action=""
    >
      <div
        className="form-group"
      >
        <div
          className="input-holder"
        >
          <div
            className="input-holder"
          >
            <div
              className="wrap-fcustominp"
            >
              <div
                className="fcustominp"
                onClick={[Function]}
              >
                <input
                  checked={false}
                  id="radioTest1"
                  name="radio-test"
                  type="radio"
                />
                <label
                  for="radioTest1"
                />
              </div>
              <label
                className="fcustominp-label"
              >
                Radio Test 1
              </label>
            </div>
          </div>
        </div>
      </div>
      <div
        className="form-group"
      >
        <div
          className="input-holder"
        >
          <div
            className="input-holder"
          >
            <div
              className="wrap-fcustominp"
            >
              <div
                className="fcustominp"
                onClick={[Function]}
              >
                <input
                  checked={true}
                  id="radioTest2"
                  name="radio-test"
                  type="radio"
                />
                <label
                  for="radioTest2"
                />
              </div>
              <label
                className="fcustominp-label"
              >
                Radio Test 2
              </label>
            </div>
          </div>
        </div>
      </div>
      <div
        className="form-group"
      >
        <div
          className="input-holder"
        >
          <div
            className="input-holder"
          >
            <div
              className="wrap-fcustominp"
            >
              <div
                className="fcustominp-state disabled"
              >
                <div
                  className="fcustominp"
                >
                  <input
                    disabled={true}
                    id="radioTest6"
                    name="radio-test"
                    type="radio"
                  />
                  <label
                    for="radioTest6"
                  />
                </div>
                <label
                  className="fcustominp-label"
                >
                  Radio Test 3
                </label>
              </div>
            </div>
          </div>
        </div>
      </div>
    </form>
    <div
      className="form-group"
    >
      <div
        className="input-holder"
      >
        <div
          className="input-holder"
        >
          <div
            className="wrap-fcustominps-inline"
          >
            <div
              className="wrap-fcustominp"
            >
              <div
                className="fcustominp"
                onClick={[Function]}
              >
                <input
                  checked={true}
                  id="radioTest3"
                  name="radio-test-inline"
                  type="radio"
                />
                <label
                  for="radioTest3"
                />
              </div>
              <label
                className="fcustominp-label"
              >
                Radio Test Inline 1
              </label>
            </div>
            <div
              className="wrap-fcustominp"
            >
              <div
                className="fcustominp"
                onClick={[Function]}
              >
                <input
                  checked={false}
                  id="radioTest4"
                  name="radio-test-inline"
                  type="radio"
                />
                <label
                  for="radioTest4"
                />
              </div>
              <label
                className="fcustominp-label"
              >
                Radio Test Inline 2
              </label>
            </div>
            <div
              className="wrap-fcustominp"
            >
              <div
                className="fcustominp"
                onClick={[Function]}
              >
                <input
                  checked={false}
                  id="radioTest5"
                  name="radio-test-inline"
                  type="radio"
                />
                <label
                  for="radioTest5"
                />
              </div>
              <label
                className="fcustominp-label"
              >
                Radio Test Inline 3
              </label>
            </div>
          </div>
        </div>
      </div>
    </div>
  </div>
</div>
`;

exports[`Component <Radio /> should renders Radio with props correctly 6`] = `
<div
  className="ui-section"
  id="radio"
>
  <strong
    className="ui-title"
  >
    Radio
  </strong>
  <div
    className="form-group-wrapper"
  >
    <form
      action=""
    >
      <div
        className="form-group"
      >
        <div
          className="input-holder"
        >
          <div
            className="input-holder"
          >
            <div
              className="wrap-fcustominp"
            >
              <div
                className="fcustominp"
                onClick={[Function]}
              >
                <input
                  checked={false}
                  id="radioTest1"
                  name="radio-test"
                  type="radio"
                />
                <label
                  for="radioTest1"
                />
              </div>
              <label
                className="fcustominp-label"
              >
                Radio Test 1
              </label>
            </div>
          </div>
        </div>
      </div>
      <div
        className="form-group"
      >
        <div
          className="input-holder"
        >
          <div
            className="input-holder"
          >
            <div
              className="wrap-fcustominp"
            >
              <div
                className="fcustominp"
                onClick={[Function]}
              >
                <input
                  checked={true}
                  id="radioTest2"
                  name="radio-test"
                  type="radio"
                />
                <label
                  for="radioTest2"
                />
              </div>
              <label
                className="fcustominp-label"
              >
                Radio Test 2
              </label>
            </div>
          </div>
        </div>
      </div>
      <div
        className="form-group"
      >
        <div
          className="input-holder"
        >
          <div
            className="input-holder"
          >
            <div
              className="wrap-fcustominp"
            >
              <div
                className="fcustominp-state disabled"
              >
                <div
                  className="fcustominp"
                >
                  <input
                    disabled={true}
                    id="radioTest6"
                    name="radio-test"
                    type="radio"
                  />
                  <label
                    for="radioTest6"
                  />
                </div>
                <label
                  className="fcustominp-label"
                >
                  Radio Test 3
                </label>
              </div>
            </div>
          </div>
        </div>
      </div>
    </form>
    <div
      className="form-group"
    >
      <div
        className="input-holder"
      >
        <div
          className="input-holder"
        >
          <div
            className="wrap-fcustominps-inline"
          >
            <div
              className="wrap-fcustominp"
            >
              <div
                className="fcustominp"
                onClick={[Function]}
              >
                <input
                  checked={false}
                  id="radioTest3"
                  name="radio-test-inline"
                  type="radio"
                />
                <label
                  for="radioTest3"
                />
              </div>
              <label
                className="fcustominp-label"
              >
                Radio Test Inline 1
              </label>
            </div>
            <div
              className="wrap-fcustominp"
            >
              <div
                className="fcustominp"
                onClick={[Function]}
              >
                <input
                  checked={true}
                  id="radioTest4"
                  name="radio-test-inline"
                  type="radio"
                />
                <label
                  for="radioTest4"
                />
              </div>
              <label
                className="fcustominp-label"
              >
                Radio Test Inline 2
              </label>
            </div>
            <div
              className="wrap-fcustominp"
            >
              <div
                className="fcustominp"
                onClick={[Function]}
              >
                <input
                  checked={false}
                  id="radioTest5"
                  name="radio-test-inline"
                  type="radio"
                />
                <label
                  for="radioTest5"
                />
              </div>
              <label
                className="fcustominp-label"
              >
                Radio Test Inline 3
              </label>
            </div>
          </div>
        </div>
      </div>
    </div>
  </div>
</div>
`;

exports[`Component <Radio /> should renders Radio with props correctly 7`] = `
<div
  className="ui-section"
  id="radio"
>
  <strong
    className="ui-title"
  >
    Radio
  </strong>
  <div
    className="form-group-wrapper"
  >
    <form
      action=""
    >
      <div
        className="form-group"
      >
        <div
          className="input-holder"
        >
          <div
            className="input-holder"
          >
            <div
              className="wrap-fcustominp"
            >
              <div
                className="fcustominp"
                onClick={[Function]}
              >
                <input
                  checked={false}
                  id="radioTest1"
                  name="radio-test"
                  type="radio"
                />
                <label
                  for="radioTest1"
                />
              </div>
              <label
                className="fcustominp-label"
              >
                Radio Test 1
              </label>
            </div>
          </div>
        </div>
      </div>
      <div
        className="form-group"
      >
        <div
          className="input-holder"
        >
          <div
            className="input-holder"
          >
            <div
              className="wrap-fcustominp"
            >
              <div
                className="fcustominp"
                onClick={[Function]}
              >
                <input
                  checked={true}
                  id="radioTest2"
                  name="radio-test"
                  type="radio"
                />
                <label
                  for="radioTest2"
                />
              </div>
              <label
                className="fcustominp-label"
              >
                Radio Test 2
              </label>
            </div>
          </div>
        </div>
      </div>
      <div
        className="form-group"
      >
        <div
          className="input-holder"
        >
          <div
            className="input-holder"
          >
            <div
              className="wrap-fcustominp"
            >
              <div
                className="fcustominp-state disabled"
              >
                <div
                  className="fcustominp"
                >
                  <input
                    disabled={true}
                    id="radioTest6"
                    name="radio-test"
                    type="radio"
                  />
                  <label
                    for="radioTest6"
                  />
                </div>
                <label
                  className="fcustominp-label"
                >
                  Radio Test 3
                </label>
              </div>
            </div>
          </div>
        </div>
      </div>
    </form>
    <div
      className="form-group"
    >
      <div
        className="input-holder"
      >
        <div
          className="input-holder"
        >
          <div
            className="wrap-fcustominps-inline"
          >
            <div
              className="wrap-fcustominp"
            >
              <div
                className="fcustominp"
                onClick={[Function]}
              >
                <input
                  checked={false}
                  id="radioTest3"
                  name="radio-test-inline"
                  type="radio"
                />
                <label
                  for="radioTest3"
                />
              </div>
              <label
                className="fcustominp-label"
              >
                Radio Test Inline 1
              </label>
            </div>
            <div
              className="wrap-fcustominp"
            >
              <div
                className="fcustominp"
                onClick={[Function]}
              >
                <input
                  checked={false}
                  id="radioTest4"
                  name="radio-test-inline"
                  type="radio"
                />
                <label
                  for="radioTest4"
                />
              </div>
              <label
                className="fcustominp-label"
              >
                Radio Test Inline 2
              </label>
            </div>
            <div
              className="wrap-fcustominp"
            >
              <div
                className="fcustominp"
                onClick={[Function]}
              >
                <input
                  checked={true}
                  id="radioTest5"
                  name="radio-test-inline"
                  type="radio"
                />
                <label
                  for="radioTest5"
                />
              </div>
              <label
                className="fcustominp-label"
              >
                Radio Test Inline 3
              </label>
            </div>
          </div>
        </div>
      </div>
    </div>
  </div>
</div>
`;
