// Jest Snapshot v1, https://goo.gl/fbAQLP

exports[`Component <Scrollbar /> should renders Scrollbar with props correctly 1`] = `
<div
  className="ui-section"
  id="scrollbar"
>
  <strong
    className="ui-title"
  >
    Scrollbar
  </strong>
  <div
    className="ui-scrollbar"
  >
    <div
      className="ui-scrollbar-content"
    />
  </div>
</div>
`;
