// Jest Snapshot v1, https://goo.gl/fbAQLP

exports[`Component <Header /> should renders correctly 1`] = `
<div>
  <Switch>
    <Route
      component={[Function]}
      exact={true}
      path="/patients/:userId/patients-summary"
    />
    <Route
      component={[Function]}
      exact={true}
      key="allergies"
      path="/patients/:userId/allergies"
    />
    <Route
      component={[Function]}
      exact={true}
      key="allergiesCreate"
      path="/patients/:userId/allergies/create"
    />
    <Route
      component={[Function]}
      exact={true}
      key="allergiesDetail"
      path="/patients/:userId/allergies/:sourceId"
    />
    <Route
      component={[Function]}
      exact={true}
      key="problems"
      path="/patients/:userId/diagnoses"
    />
    <Route
      component={[Function]}
      exact={true}
      key="problemsCreate"
      path="/patients/:userId/diagnoses/create"
    />
    <Route
      component={[Function]}
      exact={true}
      key="problemsDetail"
      path="/patients/:userId/diagnoses/:sourceId"
    />
    <Route
      component={[Function]}
      exact={true}
      key="clinicalNotes"
      path="/patients/:userId/clinicalNotes"
    />
    <Route
      component={[Function]}
      exact={true}
      key="clinicalNotesCreate"
      path="/patients/:userId/clinicalNotes/create"
    />
    <Route
      component={[Function]}
      exact={true}
      key="clinicalNotesDetail"
      path="/patients/:userId/clinicalNotes/:sourceId"
    />
    <Route
      component={[Function]}
      exact={true}
      key="personalNotes"
      path="/patients/:userId/personalNotes"
    />
    <Route
      component={[Function]}
      exact={true}
      key="personalNotesCreate"
      path="/patients/:userId/personalNotes/create"
    />
    <Route
      component={[Function]}
      exact={true}
      key="personalNotesDetail"
      path="/patients/:userId/personalNotes/:sourceId"
    />
    <Route
      component={[Function]}
      exact={true}
      key="contacts"
      path="/patients/:userId/contacts"
    />
    <Route
      component={[Function]}
      exact={true}
      key="contactsCreate"
      path="/patients/:userId/contacts/create"
    />
    <Route
      component={[Function]}
      exact={true}
      key="contactsDetail"
      path="/patients/:userId/contacts/:sourceId"
    />
    <Route
      component={[Function]}
      exact={true}
      key="vaccinations"
      path="/patients/:userId/vaccinations"
    />
    <Route
      component={[Function]}
      exact={true}
      key="vaccinationsCreate"
      path="/patients/:userId/vaccinations/create"
    />
    <Route
      component={[Function]}
      exact={true}
      key="vaccinationsDetail"
      path="/patients/:userId/vaccinations/:sourceId"
    />
    <Route
      component={[Function]}
      exact={true}
      key="medications"
      path="/patients/:userId/medications"
    />
    <Route
      component={[Function]}
      exact={true}
      key="medicationsCreate"
      path="/patients/:userId/medications/create"
    />
    <Route
      component={[Function]}
      exact={true}
      key="medicationsDetail"
      path="/patients/:userId/medications/:sourceId"
    />
    <Route
      component={[Function]}
      exact={true}
      key="genericPlugin"
      path="/patients/:userId/genericPlugin"
    />
    <Route
      component={[Function]}
      exact={true}
      key="genericPluginCreate"
      path="/patients/:userId/genericPlugin/create"
    />
    <Route
      component={[Function]}
      exact={true}
      key="genericPluginDetail"
      path="/patients/:userId/genericPlugin/:sourceId"
    />
    <Route
      component={[Function]}
      exact={true}
      key="procedures"
      path="/patients/:userId/procedures"
    />
    <Route
      component={[Function]}
      exact={true}
      key="proceduresCreate"
      path="/patients/:userId/procedures/create"
    />
    <Route
      component={[Function]}
      exact={true}
      key="proceduresDetail"
      path="/patients/:userId/procedures/:sourceId"
    />
    <Route
      component={[Function]}
      exact={true}
      key="events"
      path="/patients/:userId/events"
    />
    <Route
      component={[Function]}
      exact={true}
      key="eventsCreate"
      path="/patients/:userId/events/create"
    />
    <Route
      component={[Function]}
      exact={true}
      key="eventsDetail"
      path="/patients/:userId/events/:sourceId"
    />
    <Route
      component={[Function]}
      exact={true}
      key="testResults"
      path="/patients/:userId/results"
    />
    <Route
      component={[Function]}
      exact={true}
      key="testResultsDetail"
      path="/patients/:userId/results/:sourceId"
    />
    <Route
      component={[Function]}
      exact={true}
      key="referrals"
      path="/patients/:userId/referrals"
    />
    <Route
      component={[Function]}
      exact={true}
      key="referralsCreate"
      path="/patients/:userId/referrals/create"
    />
    <Route
      component={[Function]}
      exact={true}
      key="referralsDetail"
      path="/patients/:userId/referrals/:sourceId"
    />
    <Route
      component={[Function]}
      exact={true}
      key="orders"
      path="/patients/:userId/orders"
    />
    <Route
      component={[Function]}
      exact={true}
      key="ordersCreate"
      path="/patients/:userId/orders/create"
    />
    <Route
      component={[Function]}
      exact={true}
      key="ordersDetail"
      path="/patients/:userId/orders/:sourceId"
    />
    <Route
      component={[Function]}
      exact={true}
      key="mdts"
      path="/patients/:userId/mdt"
    />
    <Route
      component={[Function]}
      exact={true}
      key="mdtsCreate"
      path="/patients/:userId/mdt/create"
    />
    <Route
      component={[Function]}
      exact={true}
      key="mdtsDetail"
      path="/patients/:userId/mdt/:sourceId"
    />
    <Route
      component={[Function]}
      exact={true}
      key="drawings"
      path="/patients/:userId/drawings"
    />
    <Route
      component={[Function]}
      exact={true}
      key="drawingsCreate"
      path="/patients/:userId/drawings/create"
    />
    <Route
      component={[Function]}
      exact={true}
      key="drawingsDetail"
      path="/patients/:userId/drawings/:sourceId"
    />
    <Route
      component={[Function]}
      exact={true}
      key="vitals"
      path="/patients/:userId/vitals"
    />
    <Route
      component={[Function]}
      exact={true}
      key="vitalsCreate"
      path="/patients/:userId/vitals/create"
    />
    <Route
      component={[Function]}
      exact={true}
      key="vitalsDetail"
      path="/patients/:userId/vitals/:sourceId"
    />
    <Route
      component={[Function]}
      exact={true}
      key="documents"
      path="/patients/:userId/documents"
    />
    <Route
      component={[Function]}
      exact={true}
      key="documentsDetail"
      path="/patients/:userId/documents/:sourceId"
    />
    <Route
      component={[Function]}
      exact={true}
      key="images"
      path="/patients/:userId/images"
    />
    <Route
      component={[Function]}
      exact={true}
      key="imagesDetail"
      path="/patients/:userId/images/:sourceId"
    />
    <Route
      component={[Function]}
      exact={true}
      key="transfersOfCare"
      path="/patients/:userId/transfer-of-care"
    />
    <Route
      component={[Function]}
      exact={true}
      key="transfersOfCareCreate"
      path="/patients/:userId/transfer-of-care/create"
    />
    <Route
      component={[Function]}
      exact={true}
      key="transfersOfCareDetail"
      path="/patients/:userId/transfer-of-care/:sourceId"
    />
    <Route
      component={[Function]}
      exact={true}
      key="topThreeThings"
      path="/patients/:userId/topThreeThings"
    />
    <Route
      component={[Function]}
      exact={true}
      key="topThreeThingsDetail"
      path="/patients/:userId/topThreeThings/:sourceId"
    />
    <Route
      component={[Function]}
      path="/"
    />
  </Switch>
</div>
`;
