// Jest Snapshot v1, https://goo.gl/fbAQLP

exports[`Component <PTCustomCheckbox /> should renders with all props correctly 1`] = `
<Col
  bsClass="col"
  componentClass="div"
  sm={4}
  xs={6}
>
  <div
    className="wrap-fcustominp"
  >
    <div
      className="fcustominp-state"
      onClick={[Function]}
    >
      <div
        className="fcustominp"
      >
        <input
          checked={false}
          id="dashboard-test-name"
          name="dashboard-test-name"
          onChange={[Function]}
          type="checkbox"
        />
        <label
          htmlFor="dashboard-test-name"
        />
      </div>
      <label
        className="fcustominp-label"
        htmlFor="dashboard-test-name"
      >
        Test title
      </label>
    </div>
  </div>
</Col>
`;
