// Jest Snapshot v1, https://goo.gl/fbAQLP

exports[`Component <Components /> should renders Components with props correctly 1`] = `
<div
  className="ui-section"
  id="components"
>
  <h2
    className="ui-main-title"
  >
    Components
  </h2>
  <Buttons />
  <ControlGroup />
  <Form />
  <FormSection />
  <Inputs />
  <Selects />
  <Checkboxes />
  <Radio />
  <Switch />
  <InputFile />
  <Datepicker />
  <SliderRange />
  <Scrollbar />
  <Labels />
  <ThemeColors />
  <Selectable />
  <Highlighters />
  <SpinnerBlock />
  <Pagination />
  <Modal />
  <Dropdowns />
  <Panels />
  <Tables />
</div>
`;
